// Jest Snapshot v1, https://goo.gl/fbAQLP

exports[`Component: ButtonGroup renders properly 1`] = `
<div>
  <div
    className="btn-group btn-group-justified"
    data-toggle="buttons"
  >
    <label
      className="btn btn-default"
      disabled={false}
      id="mock_display"
      style={
        Object {
          "whiteSpace": "normal",
        }
      }
      type="button"
    >
      <input
        autoComplete="off"
        checked={false}
        disabled={false}
        name="mockname"
        onChange={[Function]}
        type="checkbox"
        value="1234"
      />
      mockName
    </label>
  </div>
</div>
`;
