// Jest Snapshot v1, https://goo.gl/fbAQLP

exports[`Component: Dropdown renders properly 1`] = `
<div>
  <span
    className=""
  >
    <span
      className=""
    >
      
    </span>
    <select
      disabled={false}
      onChange={[Function]}
      style={
        Object {
          "height": "45px",
          "width": "100%",
        }
      }
      value=""
    >
      <option
        value=""
      >
        Select from the list
      </option>
    </select>
  </span>
</div>
`;
