// Jest Snapshot v1, https://goo.gl/fbAQLP

exports[`Component: LoginForm should render correctly 1`] = `
<form
  className="panel"
  onSubmit={[Function]}
>
  <div
    className="midPanelItemContainer"
  >
    <div>
      <input
        className="form-control"
        id={undefined}
        name="username"
        onBlur={[Function]}
        onChange={[Function]}
        onDragStart={[Function]}
        onDrop={[Function]}
        onFocus={[Function]}
        placeholder="Username"
        type="text"
        value=""
      />
      <div
        className="div-error"
      >
        <span
          className="field-error"
          style={
            Object {
              "visibility": "hidden",
            }
          }
        >
          _
        </span>
      </div>
    </div>
  </div>
  <div
    className="midPanelItemContainer"
  >
    <div>
      <input
        className="form-control"
        id={undefined}
        name="password"
        onBlur={[Function]}
        onChange={[Function]}
        onDragStart={[Function]}
        onDrop={[Function]}
        onFocus={[Function]}
        placeholder="Password"
        type="password"
        value=""
      />
      <div
        className="div-error"
      >
        <span
          className="field-error"
          style={
            Object {
              "visibility": "hidden",
            }
          }
        >
          _
        </span>
      </div>
    </div>
  </div>
  <div
    className="midPanelItemContainer"
  >
    <div>
      <select
        className="locationSelector"
        disabled={undefined}
        name="location"
        onBlur={[Function]}
        onChange={[Function]}
        onDragStart={[Function]}
        onDrop={[Function]}
        onFocus={[Function]}
        value=""
      >
        <option
          value=""
        >
          Select Location
        </option>
      </select>
    </div>
  </div>
  <div
    className="bottomPanelItemContainer"
  >
    <button
      className="loginButton btn btn-default"
      disabled={true}
      type="submit"
    >
      Login
    </button>
  </div>
</form>
`;
